
m-syr@Eclipse MINGW64 ~
$ mkdir IH-Lab

m-syr@Eclipse MINGW64 ~
$ cd IH-Lab/

m-syr@Eclipse MINGW64 ~/IH-Lab
$ ls

m-syr@Eclipse MINGW64 ~/IH-Lab
$ git clone hhttps://github.com/MawadaKa/lab-bash.git
Cloning into 'lab-bash'...
fatal: protocol 'https' is not supported

m-syr@Eclipse MINGW64 ~/IH-Lab
$ git clone https://github.com/MawadaKa/lab-bash.git
Cloning into 'lab-bash'...
remote: Enumerating objects: 40, done.
remote: Total 40 (delta 0), reused 0 (delta 0), pack-reused 40
Receiving objects: 100% (40/40), 12.63 KiB | 12.63 MiB/s, done.
Resolving deltas: 100% (11/11), done.

m-syr@Eclipse MINGW64 ~/IH-Lab
$ ls
lab-bash/

m-syr@Eclipse MINGW64 ~/IH-Lab
$ cd lab-bash/

m-syr@Eclipse MINGW64 ~/IH-Lab/lab-bash (master)
$ ls
exercices/  inputs/  lorem/  lorem-copy/  outputs/  readme.md

m-syr@Eclipse MINGW64 ~/IH-Lab/lab-bash (master)
$ echo "Hello World"
Hello World

m-syr@Eclipse MINGW64 ~/IH-Lab/lab-bash (master)
$ mkdir new_dir

m-syr@Eclipse MINGW64 ~/IH-Lab/lab-bash (master)
$ rm -r new_dir/

m-syr@Eclipse MINGW64 ~/IH-Lab/lab-bash (master)
$ ls
exercices/  inputs/  lorem/  lorem-copy/  outputs/  readme.md

m-syr@Eclipse MINGW64 ~/IH-Lab/lab-bash (master)
$ cp lorem
lorem/      lorem-copy/

m-syr@Eclipse MINGW64 ~/IH-Lab/lab-bash (master)
$ cp lorem
lorem/      lorem-copy/

m-syr@Eclipse MINGW64 ~/IH-Lab/lab-bash (master)
$ cp lorem
lorem/      lorem-copy/

m-syr@Eclipse MINGW64 ~/IH-Lab/lab-bash (master)
$ cp lorem
lorem/      lorem-copy/

m-syr@Eclipse MINGW64 ~/IH-Lab/lab-bash (master)
$ cp lorem/sed.txt lorem-copy

m-syr@Eclipse MINGW64 ~/IH-Lab/lab-bash (master)
$ cp lorem-copy
cp: missing destination file operand after 'lorem-copy'
Try 'cp --help' for more information.

m-syr@Eclipse MINGW64 ~/IH-Lab/lab-bash (master)
$ cp --loremcopy^C

m-syr@Eclipse MINGW64 ~/IH-Lab/lab-bash (master)
$ cp lorem-copy/
cp: missing destination file operand after 'lorem-copy/'
Try 'cp --help' for more information.

m-syr@Eclipse MINGW64 ~/IH-Lab/lab-bash (master)
$ cp lab-bash
cp: missing destination file operand after 'lab-bash'
Try 'cp --help' for more information.

m-syr@Eclipse MINGW64 ~/IH-Lab/lab-bash (master)
$ ls lorem-copy
dummy_file.txt  sed.txt

m-syr@Eclipse MINGW64 ~/IH-Lab/lab-bash (master)
$ ^C

m-syr@Eclipse MINGW64 ~/IH-Lab/lab-bash (master)
$ ls lorem
at.txt  at.txte  lorem.txt  sed.txt

m-syr@Eclipse MINGW64 ~/IH-Lab/lab-bash (master)
$ cp lorem/at.txt lorem-copy ; cp lorem/at.txte lorem-copy

m-syr@Eclipse MINGW64 ~/IH-Lab/lab-bash (master)
$ ls lorem-copy
at.txt  at.txte  dummy_file.txt  sed.txt

m-syr@Eclipse MINGW64 ~/IH-Lab/lab-bash (master)
$ ls lorem/sed.txt
lorem/sed.txt

m-syr@Eclipse MINGW64 ~/IH-Lab/lab-bash (master)
$ cd lorem

m-syr@Eclipse MINGW64 ~/IH-Lab/lab-bash/lorem (master)
$ cat sed.txt
Sed ut perspiciatis unde omnis iste natus error sit voluptatem accusantium doloremque laudantium,
totam rem aperiam, eaque ipsa quae ab illo inventore veritatis et quasi architecto beatae vitae dicta sunt explicabo.
Nemo enim ipsam voluptatem quia voluptas sit aspernatur aut odit aut fugit,
sed quia consequuntur magni dolores eos qui ratione voluptatem sequi nesciunt.
Neque porro quisquam est, qui dolorem ipsum quia dolor sit amet, consectetur, adipisci velit,
sed quia non numquam eius modi tempora incidunt ut labore et dolore magnam aliquam quaerat voluptatem.
Ut enim ad minima veniam, quis nostrum exercitationem ullam corporis suscipit laboriosam,
nisi ut aliquid ex ea commodi consequatur? Quis autem vel eum iure reprehenderit qui in ea voluptate velit esse quam nihil molestiae consequatur,
vel illum qui dolorem eum fugiat quo voluptas nulla pariatur?Homo homini lupus

m-syr@Eclipse MINGW64 ~/IH-Lab/lab-bash/lorem (master)
$ cat at.txt ; cat lorem.txt
At vero eos ET accusamus ET iusto odio dignissimos ducimus qui blanditiis praesentium voluptatum
deleniti atque corrupti quos dolores ET quas molestias excepturi sint occaecati cupiditate non
provident, similique sunt in culpa qui officia deserunt mollitia animi, id est laborum ET dolorum fuga.
Et harum quidem rerum facilis est ET expedita distinctio.
Nam libero tempore, cum soluta nobis est eligendi optio cumque nihil impedit quo minus id quod
maxime placeat facere possimus, omnis voluptas assumenda est, omnis dolor repellendus.
Temporibus autem quibusdam ET aut officiis debitis aut rerum necessitatibus saepe eveniET
ut ET voluptates repudiandae sint ET molestiae non recusandae.
Itaque earum rerum hic tenETur a sapiente delectus, ut aut reiciendis voluptatibus maiores
alias consequatur aut perferendis doloribus asperiores repellat
Lorem ipsum dolor sit amet, consectetur adipiscing elit, sed do eiusmod tempor incididunt ut labore et dolore magna aliqua.
Ut enim ad minim veniam, quis nostrud exercitation ullamco laboris nisi ut aliquip ex ea commodo consequat.
Duis aute irure dolor in reprehenderit in voluptate velit esse cillum dolore eu fugiat nulla pariatur.
Excepteur sint occaecat cupidatat non proident, sunt in culpa qui officia deserunt mollit anim id est laborum.
m-syr@Eclipse MINGW64 ~/IH-Lab/lab-bash/lorem (master)
$ cp lorem/lorem.txt loremcopy
cp: cannot stat 'lorem/lorem.txt': No such file or directory

m-syr@Eclipse MINGW64 ~/IH-Lab/lab-bash/lorem (master)
$ ls lorem-copy
ls: cannot access 'lorem-copy': No such file or directory

m-syr@Eclipse MINGW64 ~/IH-Lab/lab-bash/lorem (master)
$ ..
bash: ..: command not found

m-syr@Eclipse MINGW64 ~/IH-Lab/lab-bash/lorem (master)
$ cd lab-bash
bash: cd: lab-bash: No such file or directory

m-syr@Eclipse MINGW64 ~/IH-Lab/lab-bash/lorem (master)
$ cd -
/c/Users/m-syr/IH-Lab/lab-bash

m-syr@Eclipse MINGW64 ~/IH-Lab/lab-bash (master)
$ cp lorem/lorem.txt lorem-copy

m-syr@Eclipse MINGW64 ~/IH-Lab/lab-bash (master)
$ ls lorem-copy
at.txt  at.txte  dummy_file.txt  lorem.txt  sed.txt

m-syr@Eclipse MINGW64 ~/IH-Lab/lab-bash (master)
$ cd lorem-copy

m-syr@Eclipse MINGW64 ~/IH-Lab/lab-bash/lorem-copy (master)
$ head -3 lorem.txt
Lorem ipsum dolor sit amet, consectetur adipiscing elit, sed do eiusmod tempor incididunt ut labore et dolore magna aliqua.
Ut enim ad minim veniam, quis nostrud exercitation ullamco laboris nisi ut aliquip ex ea commodo consequat.
Duis aute irure dolor in reprehenderit in voluptate velit esse cillum dolore eu fugiat nulla pariatur.

m-syr@Eclipse MINGW64 ~/IH-Lab/lab-bash/lorem-copy (master)
$ tail -n 3 sed.txt
Ut enim ad minima veniam, quis nostrum exercitationem ullam corporis suscipit laboriosam,
nisi ut aliquid ex ea commodi consequatur? Quis autem vel eum iure reprehenderit qui in ea voluptate velit esse quam nihil molestiae consequatur,
vel illum qui dolorem eum fugiat quo voluptas nulla pariatur?Homo homini lupus

m-syr@Eclipse MINGW64 ~/IH-Lab/lab-bash/lorem-copy (master)
$ echo "Homo homini lupus." >> sed.txt

m-syr@Eclipse MINGW64 ~/IH-Lab/lab-bash/lorem-copy (master)
$ tail -n 3 sed.txt
nisi ut aliquid ex ea commodi consequatur? Quis autem vel eum iure reprehenderit qui in ea voluptate velit esse quam nihil molestiae consequatur,
vel illum qui dolorem eum fugiat quo voluptas nulla pariatur?Homo homini lupus
Homo homini lupus.

m-syr@Eclipse MINGW64 ~/IH-Lab/lab-bash/lorem-copy (master)
$ cd -
/c/Users/m-syr/IH-Lab/lab-bash

m-syr@Eclipse MINGW64 ~/IH-Lab/lab-bash (master)
$ cd lorem

m-syr@Eclipse MINGW64 ~/IH-Lab/lab-bash/lorem (master)
$ sed -i 's/et/ET/g' at.txt

m-syr@Eclipse MINGW64 ~/IH-Lab/lab-bash/lorem (master)
$ cat at.txt
At vero eos ET accusamus ET iusto odio dignissimos ducimus qui blanditiis praesentium voluptatum
deleniti atque corrupti quos dolores ET quas molestias excepturi sint occaecati cupiditate non
provident, similique sunt in culpa qui officia deserunt mollitia animi, id est laborum ET dolorum fuga.
Et harum quidem rerum facilis est ET expedita distinctio.
Nam libero tempore, cum soluta nobis est eligendi optio cumque nihil impedit quo minus id quod
maxime placeat facere possimus, omnis voluptas assumenda est, omnis dolor repellendus.
Temporibus autem quibusdam ET aut officiis debitis aut rerum necessitatibus saepe eveniET
ut ET voluptates repudiandae sint ET molestiae non recusandae.
Itaque earum rerum hic tenETur a sapiente delectus, ut aut reiciendis voluptatibus maiores
alias consequatur aut perferendis doloribus asperiores repellat

m-syr@Eclipse MINGW64 ~/IH-Lab/lab-bash/lorem (master)
$ echo '$USER"
>
> echo "$USER"
> whoami
> cd -
> id -u -n
> ^C

m-syr@Eclipse MINGW64 ~/IH-Lab/lab-bash/lorem (master)
$ whoami
m-syr

m-syr@Eclipse MINGW64 ~/IH-Lab/lab-bash/lorem (master)
$ echo "Current Directory:"
Current Directory:

m-syr@Eclipse MINGW64 ~/IH-Lab/lab-bash/lorem (master)
$ echo "Current Directory:"
pwd
Current Directory:
/c/Users/m-syr/IH-Lab/lab-bash/lorem

m-syr@Eclipse MINGW64 ~/IH-Lab/lab-bash/lorem (master)
$ find /c/Users/m-syr/IH-Lab/lab-bash/lorem -type f -name "*.txt"
/c/Users/m-syr/IH-Lab/lab-bash/lorem/at.txt
/c/Users/m-syr/IH-Lab/lab-bash/lorem/lorem.txt
/c/Users/m-syr/IH-Lab/lab-bash/lorem/sed.txt

m-syr@Eclipse MINGW64 ~/IH-Lab/lab-bash/lorem (master)
$ cta lorem/sed.txt | wc -l
bash: cta: command not found
0

m-syr@Eclipse MINGW64 ~/IH-Lab/lab-bash/lorem (master)
$ cat lorem/sed.txt | wc -l
cat: lorem/sed.txt: No such file or directory
0

m-syr@Eclipse MINGW64 ~/IH-Lab/lab-bash/lorem (master)
$ cat sed.txt | wc -l
9

m-syr@Eclipse MINGW64 ~/IH-Lab/lab-bash/lorem (master)
$ cd -
/c/Users/m-syr/IH-Lab/lab-bash

m-syr@Eclipse MINGW64 ~/IH-Lab/lab-bash (master)
$ cd -
/c/Users/m-syr/IH-Lab/lab-bash/lorem

m-syr@Eclipse MINGW64 ~/IH-Lab/lab-bash/lorem (master)
$ cd -
/c/Users/m-syr/IH-Lab/lab-bash

m-syr@Eclipse MINGW64 ~/IH-Lab/lab-bash (master)
$ ls -Uba1 | grep '^lorem' | wc -l
2
